2024-11-26T12:34:13.261Z [INFO]: Request to /articles with Request ID: undefined
2024-11-26T12:34:14.354Z [INFO]: Request to /articles with Request ID: undefined
2024-11-26T12:34:16.717Z [INFO]: Request to /blog/newsroom with Request ID: undefined
2024-11-26T12:34:16.953Z [ERROR]: Erreur lors de la récupération de l'article Variable $id of type ID! was provided invalid value
2024-11-26T12:35:21.033Z [INFO]: Request to /articles with Request ID: undefined
2024-11-26T12:35:21.128Z [INFO]: Request to /blog/newsroom with Request ID: undefined
2024-11-26T12:35:42.321Z [INFO]: Request to /articles with Request ID: undefined
2024-11-26T12:35:43.064Z [INFO]: Request to /articles with Request ID: undefined
2024-11-26T12:35:43.629Z [INFO]: Request to /blog/newsroom with Request ID: undefined
2024-11-26T12:35:43.865Z [ERROR]: Erreur lors de la récupération de l'article Variable $id of type ID! was provided invalid value
2024-11-26T12:36:20.358Z [INFO]: Request to /articles with Request ID: undefined
2024-11-26T12:36:20.857Z [INFO]: Request to /articles with Request ID: undefined
2024-11-26T12:36:21.769Z [INFO]: Request to /blog/newsroom with Request ID: undefined
2024-11-26T12:36:21.953Z [ERROR]: Erreur lors de la récupération de l'article Cannot read properties of undefined (reading 'blog')
2024-11-26T12:40:07.737Z [INFO]: Request to /articles with Request ID: undefined
2024-11-26T12:40:07.823Z [INFO]: Request to /blog/newsroom with Request ID: undefined
2024-11-26T12:40:08.094Z [ERROR]: Erreur lors de la récupération de l'article Failed to retrieve blog data for handle "newsroom".
2024-11-26T12:47:41.529Z [INFO]: Request to /articles with Request ID: undefined
2024-11-26T12:47:41.625Z [INFO]: Request to /blog/newsroom with Request ID: undefined
2024-11-26T12:48:05.858Z [INFO]: Request to /articles with Request ID: undefined
2024-11-26T12:48:05.976Z [INFO]: Request to /blog/newsroom with Request ID: undefined
2024-11-26T12:48:06.175Z [ERROR]: Erreur lors de la récupération de l'article Failed to retrieve blog data for handle "newsroom".
2024-11-26T12:49:54.027Z [INFO]: Request to /articles with Request ID: undefined
2024-11-26T12:49:54.119Z [INFO]: Request to /blog/newsroom with Request ID: undefined
2024-11-26T12:49:54.342Z [ERROR]: Erreur lors de la récupération de l'article Failed to retrieve blog data for handle "newsroom".
2024-11-26T12:50:09.633Z [INFO]: Request to /articles with Request ID: undefined
2024-11-26T12:50:09.715Z [INFO]: Request to /blog/newsroom with Request ID: undefined
2024-11-26T12:50:10.132Z [INFO]: Request to /articles with Request ID: undefined
2024-11-26T12:50:10.329Z [INFO]: Request to /blog/newsroom with Request ID: undefined
2024-11-26T12:56:34.840Z [INFO]: Request to /articles with Request ID: undefined
2024-11-26T12:56:34.936Z [INFO]: Request to /blog/newsroom with Request ID: undefined
2024-11-26T12:56:35.318Z [INFO]: Request to /articles with Request ID: undefined
2024-11-26T12:56:35.601Z [ERROR]: Erreur lors de la récupération de l'article Failed to retrieve blog data for handle "newsroom".
2024-11-26T12:58:04.306Z [INFO]: Request to /articles with Request ID: undefined
2024-11-26T12:58:04.397Z [INFO]: Request to /blog/newsroom with Request ID: undefined
2024-11-26T12:58:04.890Z [INFO]: Request to /articles with Request ID: undefined
2024-11-26T12:58:04.925Z [ERROR]: Erreur lors de la récupération de l'article Failed to retrieve blog data for handle "newsroom".
2024-11-26T12:58:46.436Z [INFO]: Request to /articles with Request ID: undefined
2024-11-26T12:58:46.516Z [INFO]: Request to /blog/newsroom with Request ID: undefined
2024-11-26T12:58:46.881Z [INFO]: Request to /articles with Request ID: undefined
2024-11-26T12:58:47.103Z [INFO]: Request to /blog/newsroom with Request ID: undefined
2024-11-26T13:01:34.300Z [INFO]: Request to /articles with Request ID: undefined
2024-11-26T13:01:34.316Z [INFO]: Request to /blog/newsroom with Request ID: undefined
2024-11-26T13:01:34.715Z [INFO]: Request to /articles with Request ID: undefined
2024-11-26T13:01:34.844Z [INFO]: Request to /blog/newsroom with Request ID: undefined
2024-11-26T13:02:52.418Z [INFO]: Request to /articles with Request ID: undefined
2024-11-26T13:02:52.498Z [INFO]: Request to /blog/newsroom with Request ID: undefined
2024-11-26T13:02:52.897Z [INFO]: Request to /articles with Request ID: undefined
2024-11-26T13:02:53.082Z [INFO]: Request to /blog/newsroom with Request ID: undefined
